// Jest Snapshot v1, https://goo.gl/fbAQLP

exports[`Boolean should reject non-booleans 1`] = `
Array [
  Object {
    "dataPath": Array [],
    "message": "not a boolean",
    "schemaPath": Array [
      "@type",
    ],
  },
]
`;
