// Jest Snapshot v1, https://goo.gl/fbAQLP

exports[`Literal should reject non-literals 1`] = `
Array [
  Object {
    "dataPath": Array [],
    "message": "not a literal",
    "schemaPath": Array [
      "@type",
    ],
  },
]
`;
