// Jest Snapshot v1, https://goo.gl/fbAQLP

exports[`Null should reject non-nulls 1`] = `
Array [
  Object {
    "dataPath": Array [],
    "message": "not null",
    "schemaPath": Array [
      "@type",
    ],
  },
]
`;
