// Jest Snapshot v1, https://goo.gl/fbAQLP

exports[`String should reject non-strings 1`] = `
Array [
  Object {
    "dataPath": Array [],
    "message": "not a string",
    "schemaPath": Array [
      "@type",
    ],
  },
]
`;
