// Jest Snapshot v1, https://goo.gl/fbAQLP

exports[`#use should reject invalid use schemas 1`] = `
Array [
  Object {
    "dataPath": Array [],
    "message": "min length",
    "schemaPath": Array [
      "use",
      0,
      "minLength",
    ],
  },
]
`;
